// Jest Snapshot v1, https://goo.gl/fbAQLP

exports[`pwa init 1`] = `
"
    <meta data-n-head=\\"true\\" charset=\\"utf-8\\"><meta data-n-head=\\"true\\" name=\\"viewport\\" content=\\"width=device-width, initial-scale=1, minimal-ui\\"><meta data-n-head=\\"true\\" name=\\"mobile-web-app-capable\\" content=\\"yes\\"><meta data-n-head=\\"true\\" name=\\"apple-mobile-web-app-title\\" content=\\"Test Project Name\\"><meta data-n-head=\\"true\\" data-hid=\\"description\\" name=\\"description\\" content=\\"Test Project Description\\"><meta data-n-head=\\"true\\" name=\\"theme-color\\" content=\\"black\\"><meta data-n-head=\\"true\\" name=\\"og:type\\" content=\\"website\\"><meta data-n-head=\\"true\\" name=\\"og:title\\" content=\\"Test Project Name\\"><meta data-n-head=\\"true\\" name=\\"og:description\\" content=\\"Test Project Description\\"><title data-n-head=\\"true\\">Test Project Name</title><link data-n-head=\\"true\\" rel=\\"manifest\\" href=\\"/_nuxt/manifest.21fe5731.json\\"><link rel=\\"preload\\" href=\\"/_nuxt/manifest.js\\" as=\\"script\\"><link rel=\\"preload\\" href=\\"/_nuxt/vendor.js\\" as=\\"script\\"><link rel=\\"preload\\" href=\\"/_nuxt/app.js\\" as=\\"script\\"><link rel=\\"preload\\" href=\\"/_nuxt/vendor.css\\" as=\\"style\\"><link rel=\\"preload\\" href=\\"/_nuxt/layouts/default.js\\" as=\\"script\\"><link rel=\\"preload\\" href=\\"/_nuxt/pages/index.js\\" as=\\"script\\"><link rel=\\"stylesheet\\" href=\\"/_nuxt/vendor.css\\">
  "
`;
